Copyright 1986-2022 Xilinx, Inc. All Rights Reserved. Copyright 2022-2025 Advanced Micro Devices, Inc. All Rights Reserved.
---------------------------------------------------------------------------------------------------------------------------------------------
| Tool Version : Vivado v.2025.2 (lin64) Build 6299465 Fri Nov 14 12:34:56 MST 2025
| Date         : Thu Jan  8 22:53:57 2026
| Host         : PC-Arch running 64-bit Arch Linux
| Command      : report_incremental_reuse -file design_1_wrapper_incremental_reuse_pre_placed.rpt
| Design       : design_1_wrapper
| Device       : xc7z010
| Design State : Unknown
---------------------------------------------------------------------------------------------------------------------------------------------

Incremental Implementation Information

Table of Contents
-----------------
1. Incremental Flow Summary
2. Reuse Summary
3. Reference Checkpoint Information
4. Comparison with Reference Run
5. Optimization Comparison With Reference Run
5.1 iphys_opt_replay Optimizations
5.2 QoR Suggestion Optimizations
6. Command Comparison with Reference Run
6.1 Reference:
6.2 Incremental:
7. Non Reuse Information

1. Incremental Flow Summary
---------------------------

+-----------------------+------------------+
|    Flow Information   |       Value      |
+-----------------------+------------------+
| Synthesis Flow        |          Default |
| Auto Incremental      |              Yes |
| Incremental Directive | RuntimeOptimized |
| Target WNS            |              0.0 |
| QoR Suggestions       |                0 |
+-----------------------+------------------+


2. Reuse Summary
----------------

+-------+----------------------+----------------------------+--------------------+-------+
|  Type | Matched % (of Total) | Current Reuse % (of Total) | Fixed % (of Total) | Total |
+-------+----------------------+----------------------------+--------------------+-------+
| Cells |               100.00 |                     100.00 |              13.46 |    52 |
| Nets  |               100.00 |                     100.00 |               0.00 |    42 |
| Pins  |                    - |                     100.00 |                  - |   132 |
| Ports |               100.00 |                     100.00 |             100.00 |     7 |
+-------+----------------------+----------------------------+--------------------+-------+


3. Reference Checkpoint Information
-----------------------------------

+----------------+---------------------------------------------------------------------------------------------------------------+
| DCP Location:  | /home/juchap/kodzenie/FPGA/EBAZ4205/i2s_demo/i2s_demo.srcs/utils_1/imports/impl_1/design_1_wrapper_routed.dcp |
+----------------+---------------------------------------------------------------------------------------------------------------+


+--------------------------------+----------------------------+
|         DCP Information        |            Value           |
+--------------------------------+----------------------------+
| Vivado Version                 |                     2025.2 |
| DCP State                      |                 POST_ROUTE |
| Recorded WNS                   |                        N/A |
| Recorded WHS                   |                      0.000 |
| Reference Speed File Version   | PRODUCTION 1.12 2019-11-22 |
| Incremental Speed File Version | PRODUCTION 1.12 2019-11-22 |
+--------------------------------+----------------------------+
* Recorded WNS/WHS timing numbers are estimated timing numbers. They may vary slightly from sign-off timing numbers.


4. Comparison with Reference Run
--------------------------------

+-----------------+---------------------------+---------------------------+---------------------------+
|                 |          WNS(ns)          |  Runtime(elapsed)(hh:mm)  |    Runtime(cpu)(hh:mm)    |
+-----------------+-------------+-------------+-------------+-------------+-------------+-------------+
|      Stage      |  Reference  | Incremental |  Reference  | Incremental |  Reference  | Incremental |
+-----------------+-------------+-------------+-------------+-------------+-------------+-------------+
| synth_design    |             |             |     < 1 min |     < 1 min |     < 1 min |     < 1 min |
| opt_design      |             |             |     < 1 min |     < 1 min |     < 1 min |     < 1 min |
| read_checkpoint |             |             |             |     < 1 min |             |     < 1 min |
| place_design    |         N/A |             |     < 1 min |             |     < 1 min |             |
| route_design    |         N/A |             |     < 1 min |             |     < 1 min |             |
+-----------------+-------------+-------------+-------------+-------------+-------------+-------------+


5. Optimization Comparison With Reference Run
---------------------------------------------

5.1 iphys_opt_replay Optimizations
----------------------------------

+-------------------------+--------+------------+
| iphys_opt_design replay | Reused | Not Reused |
+-------------------------+--------+------------+


5.2 QoR Suggestion Optimizations
--------------------------------

+-----------------+-------+
| QoR Suggestions | Value |
+-----------------+-------+


6. Command Comparison with Reference Run
----------------------------------------

6.1 Reference:
--------------
synth_design -directive runtimeoptimized -fsm_extraction off -flatten_hierarchy none -define default::[not_specified] -verilog_define default::[not_specified] -vhdl_define default::[not_specified] -top  design_1_wrapper -part  xc7z010clg400-1 
opt_design -directive RuntimeOptimized
read_checkpoint -incremental -auto_incremental /home/juchap/kodzenie/FPGA/EBAZ4205/i2s_demo/i2s_demo.srcs/utils_1/imports/impl_1/design_1_wrapper_routed.dcp
place_design -directive Quick
route_design -directive Quick

6.2 Incremental:
----------------
synth_design -directive runtimeoptimized -fsm_extraction off -flatten_hierarchy none -define default::[not_specified] -verilog_define default::[not_specified] -vhdl_define default::[not_specified] -top  design_1_wrapper -part  xc7z010clg400-1 
opt_design -directive RuntimeOptimized
read_checkpoint -directive RuntimeOptimized  -incremental -auto_incremental /home/juchap/kodzenie/FPGA/EBAZ4205/i2s_demo/i2s_demo.srcs/utils_1/imports/impl_1/design_1_wrapper_routed.dcp

7. Non Reuse Information
------------------------

+-----------------------+------+
|          Type         |   %  |
+-----------------------+------+
| Non-Reused Cells      | 0.00 |
| Partially reused nets | 0.00 |
| Non-Reused nets       | 0.00 |
| Non-Reused Ports      | 0.00 |
+-----------------------+------+


