Copyright 1986-2022 Xilinx, Inc. All Rights Reserved. Copyright 2022-2025 Advanced Micro Devices, Inc. All Rights Reserved.
------------------------------------------------------------------------------------------------------------------------------------------------------------------------------------------------------------------------------------------------------------
| Tool Version : Vivado v.2025.1 (lin64) Build 6140274 Wed May 21 22:58:25 MDT 2025
| Date         : Fri Jan  2 23:26:16 2026
| Host         : PC-Arch running 64-bit Arch Linux
| Command      : report_timing_summary -max_paths 10 -routable_nets -report_unconstrained -file design_1_wrapper_timing_summary_routed.rpt -pb design_1_wrapper_timing_summary_routed.pb -rpx design_1_wrapper_timing_summary_routed.rpx -warn_on_violation
| Design       : design_1_wrapper
| Device       : 7z010-clg400
| Speed File   : -1  PRODUCTION 1.12 2019-11-22
| Design State : Routed
------------------------------------------------------------------------------------------------------------------------------------------------------------------------------------------------------------------------------------------------------------

Timing Summary Report

------------------------------------------------------------------------------------------------
| Timer Settings
| --------------
------------------------------------------------------------------------------------------------

  Enable Multi Corner Analysis               :  Yes
  Enable Pessimism Removal                   :  Yes
  Pessimism Removal Resolution               :  Nearest Common Node
  Enable Input Delay Default Clock           :  No
  Enable Preset / Clear Arcs                 :  No
  Disable Flight Delays                      :  No
  Ignore I/O Paths                           :  No
  Timing Early Launch at Borrowing Latches   :  No
  Borrow Time for Max Delay Exceptions       :  Yes
  Merge Timing Exceptions                    :  Yes
  Inter-SLR Compensation                     :  Conservative

  Corner  Analyze    Analyze    
  Name    Max Paths  Min Paths  
  ------  ---------  ---------  
  Slow    Yes        Yes        
  Fast    Yes        Yes        


------------------------------------------------------------------------------------------------
| Report Methodology
| ------------------
------------------------------------------------------------------------------------------------

Rule       Severity          Description                                                       Violations  
---------  ----------------  ----------------------------------------------------------------  ----------  
TIMING-17  Critical Warning  Non-clocked sequential cell                                       27          
TIMING-27  Critical Warning  Invalid primary clock on hierarchical pin                         1           
CKLD-2     Warning           Clock Net has IO Driver, not a Clock Buf, and/or non-Clock loads  1           

Note: This report is based on the most recent report_methodology run and may not be up-to-date. Run report_methodology on the current design for the latest report.



check_timing report

Table of Contents
-----------------
1. checking no_clock (27)
2. checking constant_clock (0)
3. checking pulse_width_clock (0)
4. checking unconstrained_internal_endpoints (27)
5. checking no_input_delay (0)
6. checking no_output_delay (2)
7. checking multiple_clock (0)
8. checking generated_clocks (0)
9. checking loops (0)
10. checking partial_input_delay (0)
11. checking partial_output_delay (0)
12. checking latch_loops (0)

1. checking no_clock (27)
-------------------------
 There are 27 register/latch pins with no clock driven by root clock pin: sys_clk_in (HIGH)


2. checking constant_clock (0)
------------------------------
 There are 0 register/latch pins with constant_clock.


3. checking pulse_width_clock (0)
---------------------------------
 There are 0 register/latch pins which need pulse_width check


4. checking unconstrained_internal_endpoints (27)
-------------------------------------------------
 There are 27 pins that are not constrained for maximum delay. (HIGH)

 There are 0 pins that are not constrained for maximum delay due to constant clock.


5. checking no_input_delay (0)
------------------------------
 There are 0 input ports with no input delay specified.

 There are 0 input ports with no input delay but user has a false path constraint.


6. checking no_output_delay (2)
-------------------------------
 There are 2 ports with no output delay specified. (HIGH)

 There are 0 ports with no output delay but user has a false path constraint

 There are 0 ports with no output delay but with a timing clock defined on it or propagating through it


7. checking multiple_clock (0)
------------------------------
 There are 0 register/latch pins with multiple clocks.


8. checking generated_clocks (0)
--------------------------------
 There are 0 generated clocks that are not connected to a clock source.


9. checking loops (0)
---------------------
 There are 0 combinational loops in the design.


10. checking partial_input_delay (0)
------------------------------------
 There are 0 input ports with partial input delay specified.


11. checking partial_output_delay (0)
-------------------------------------
 There are 0 ports with partial output delay specified.


12. checking latch_loops (0)
----------------------------
 There are 0 combinational latch loops in the design through latch input



------------------------------------------------------------------------------------------------
| Design Timing Summary
| ---------------------
------------------------------------------------------------------------------------------------

    WNS(ns)      TNS(ns)  TNS Failing Endpoints  TNS Total Endpoints      WHS(ns)      THS(ns)  THS Failing Endpoints  THS Total Endpoints     WPWS(ns)     TPWS(ns)  TPWS Failing Endpoints  TPWS Total Endpoints  
    -------      -------  ---------------------  -------------------      -------      -------  ---------------------  -------------------     --------     --------  ----------------------  --------------------  
        inf        0.000                      0                   30          inf        0.000                      0                   30        7.000        0.000                       0                     6  


All user specified timing constraints are met.


------------------------------------------------------------------------------------------------
| Clock Summary
| -------------
------------------------------------------------------------------------------------------------

Clock                              Waveform(ns)       Period(ns)      Frequency(MHz)
-----                              ------------       ----------      --------------
design_1_i/clk_wiz_0/inst/clk_in1  {0.000 10.000}     20.000          50.000          
  clk_out1_design_1_clk_wiz_0_0    {0.000 20.345}     40.690          24.576          
  clkfbout_design_1_clk_wiz_0_0    {0.000 10.000}     20.000          50.000          


------------------------------------------------------------------------------------------------
| Intra Clock Table
| -----------------
------------------------------------------------------------------------------------------------

Clock                                  WNS(ns)      TNS(ns)  TNS Failing Endpoints  TNS Total Endpoints      WHS(ns)      THS(ns)  THS Failing Endpoints  THS Total Endpoints     WPWS(ns)     TPWS(ns)  TPWS Failing Endpoints  TPWS Total Endpoints  
-----                                  -------      -------  ---------------------  -------------------      -------      -------  ---------------------  -------------------     --------     --------  ----------------------  --------------------  
design_1_i/clk_wiz_0/inst/clk_in1                                                                                                                                                    7.000        0.000                       0                     1  
  clk_out1_design_1_clk_wiz_0_0                                                                                                                                                     38.534        0.000                       0                     2  
  clkfbout_design_1_clk_wiz_0_0                                                                                                                                                     17.845        0.000                       0                     3  


------------------------------------------------------------------------------------------------
| Inter Clock Table
| -----------------
------------------------------------------------------------------------------------------------

From Clock    To Clock          WNS(ns)      TNS(ns)  TNS Failing Endpoints  TNS Total Endpoints      WHS(ns)      THS(ns)  THS Failing Endpoints  THS Total Endpoints  
----------    --------          -------      -------  ---------------------  -------------------      -------      -------  ---------------------  -------------------  


------------------------------------------------------------------------------------------------
| Other Path Groups Table
| -----------------------
------------------------------------------------------------------------------------------------

Path Group    From Clock    To Clock          WNS(ns)      TNS(ns)  TNS Failing Endpoints  TNS Total Endpoints      WHS(ns)      THS(ns)  THS Failing Endpoints  THS Total Endpoints  
----------    ----------    --------          -------      -------  ---------------------  -------------------      -------      -------  ---------------------  -------------------  


------------------------------------------------------------------------------------------------
| User Ignored Path Table
| -----------------------
------------------------------------------------------------------------------------------------

Path Group    From Clock    To Clock    
----------    ----------    --------    


------------------------------------------------------------------------------------------------
| Unconstrained Path Table
| ------------------------
------------------------------------------------------------------------------------------------

Path Group                     From Clock                     To Clock                     
----------                     ----------                     --------                     
(none)                                                                                       
(none)                         clk_out1_design_1_clk_wiz_0_0                                 


------------------------------------------------------------------------------------------------
| Timing Details
| --------------
------------------------------------------------------------------------------------------------


---------------------------------------------------------------------------------------------------
From Clock:  design_1_i/clk_wiz_0/inst/clk_in1
  To Clock:  design_1_i/clk_wiz_0/inst/clk_in1

Setup :           NA  Failing Endpoints,  Worst Slack           NA  ,  Total Violation           NA
Hold  :           NA  Failing Endpoints,  Worst Slack           NA  ,  Total Violation           NA
PW    :            0  Failing Endpoints,  Worst Slack        7.000ns,  Total Violation        0.000ns
---------------------------------------------------------------------------------------------------


Pulse Width Checks
--------------------------------------------------------------------------------------
Clock Name:         design_1_i/clk_wiz_0/inst/clk_in1
Waveform(ns):       { 0.000 10.000 }
Period(ns):         20.000
Sources:            { design_1_i/clk_wiz_0/inst/clk_in1 }

Check Type        Corner  Lib Pin           Reference Pin  Required(ns)  Actual(ns)  Slack(ns)  Location        Pin
Min Period        n/a     PLLE2_ADV/CLKIN1  n/a            1.249         20.000      18.751     PLLE2_ADV_X0Y0  design_1_i/clk_wiz_0/inst/plle2_adv_inst/CLKIN1
Max Period        n/a     PLLE2_ADV/CLKIN1  n/a            52.633        20.000      32.633     PLLE2_ADV_X0Y0  design_1_i/clk_wiz_0/inst/plle2_adv_inst/CLKIN1
Low Pulse Width   Slow    PLLE2_ADV/CLKIN1  n/a            3.000         10.000      7.000      PLLE2_ADV_X0Y0  design_1_i/clk_wiz_0/inst/plle2_adv_inst/CLKIN1
Low Pulse Width   Fast    PLLE2_ADV/CLKIN1  n/a            3.000         10.000      7.000      PLLE2_ADV_X0Y0  design_1_i/clk_wiz_0/inst/plle2_adv_inst/CLKIN1
High Pulse Width  Slow    PLLE2_ADV/CLKIN1  n/a            3.000         10.000      7.000      PLLE2_ADV_X0Y0  design_1_i/clk_wiz_0/inst/plle2_adv_inst/CLKIN1
High Pulse Width  Fast    PLLE2_ADV/CLKIN1  n/a            3.000         10.000      7.000      PLLE2_ADV_X0Y0  design_1_i/clk_wiz_0/inst/plle2_adv_inst/CLKIN1



---------------------------------------------------------------------------------------------------
From Clock:  clk_out1_design_1_clk_wiz_0_0
  To Clock:  clk_out1_design_1_clk_wiz_0_0

Setup :           NA  Failing Endpoints,  Worst Slack           NA  ,  Total Violation           NA
Hold  :           NA  Failing Endpoints,  Worst Slack           NA  ,  Total Violation           NA
PW    :            0  Failing Endpoints,  Worst Slack       38.534ns,  Total Violation        0.000ns
---------------------------------------------------------------------------------------------------


Pulse Width Checks
--------------------------------------------------------------------------------------
Clock Name:         clk_out1_design_1_clk_wiz_0_0
Waveform(ns):       { 0.000 20.345 }
Period(ns):         40.690
Sources:            { design_1_i/clk_wiz_0/inst/plle2_adv_inst/CLKOUT0 }

Check Type  Corner  Lib Pin            Reference Pin  Required(ns)  Actual(ns)  Slack(ns)  Location        Pin
Min Period  n/a     BUFG/I             n/a            2.155         40.690      38.534     BUFGCTRL_X0Y0   design_1_i/clk_wiz_0/inst/clkout1_buf/I
Min Period  n/a     PLLE2_ADV/CLKOUT0  n/a            1.249         40.690      39.441     PLLE2_ADV_X0Y0  design_1_i/clk_wiz_0/inst/plle2_adv_inst/CLKOUT0
Max Period  n/a     PLLE2_ADV/CLKOUT0  n/a            160.000       40.690      119.310    PLLE2_ADV_X0Y0  design_1_i/clk_wiz_0/inst/plle2_adv_inst/CLKOUT0



---------------------------------------------------------------------------------------------------
From Clock:  clkfbout_design_1_clk_wiz_0_0
  To Clock:  clkfbout_design_1_clk_wiz_0_0

Setup :           NA  Failing Endpoints,  Worst Slack           NA  ,  Total Violation           NA
Hold  :           NA  Failing Endpoints,  Worst Slack           NA  ,  Total Violation           NA
PW    :            0  Failing Endpoints,  Worst Slack       17.845ns,  Total Violation        0.000ns
---------------------------------------------------------------------------------------------------


Pulse Width Checks
--------------------------------------------------------------------------------------
Clock Name:         clkfbout_design_1_clk_wiz_0_0
Waveform(ns):       { 0.000 10.000 }
Period(ns):         20.000
Sources:            { design_1_i/clk_wiz_0/inst/plle2_adv_inst/CLKFBOUT }

Check Type  Corner  Lib Pin             Reference Pin  Required(ns)  Actual(ns)  Slack(ns)  Location        Pin
Min Period  n/a     BUFG/I              n/a            2.155         20.000      17.845     BUFGCTRL_X0Y1   design_1_i/clk_wiz_0/inst/clkf_buf/I
Min Period  n/a     PLLE2_ADV/CLKFBOUT  n/a            1.249         20.000      18.751     PLLE2_ADV_X0Y0  design_1_i/clk_wiz_0/inst/plle2_adv_inst/CLKFBOUT
Min Period  n/a     PLLE2_ADV/CLKFBIN   n/a            1.249         20.000      18.751     PLLE2_ADV_X0Y0  design_1_i/clk_wiz_0/inst/plle2_adv_inst/CLKFBIN
Max Period  n/a     PLLE2_ADV/CLKFBIN   n/a            52.633        20.000      32.633     PLLE2_ADV_X0Y0  design_1_i/clk_wiz_0/inst/plle2_adv_inst/CLKFBIN
Max Period  n/a     PLLE2_ADV/CLKFBOUT  n/a            160.000       20.000      140.000    PLLE2_ADV_X0Y0  design_1_i/clk_wiz_0/inst/plle2_adv_inst/CLKFBOUT



--------------------------------------------------------------------------------------
Path Group:  (none)
From Clock:  
  To Clock:  

Max Delay            29 Endpoints
Min Delay            29 Endpoints
--------------------------------------------------------------------------------------


Max Delay Paths
--------------------------------------------------------------------------------------
Slack:                    inf
  Source:                 design_1_i/led_blinker_0/inst/r_leds_reg[1]/C
                            (rising edge-triggered cell FDRE)
  Destination:            led_1
                            (output port)
  Path Group:             (none)
  Path Type:              Max at Slow Process Corner
  Data Path Delay:        6.064ns  (logic 4.050ns (66.789%)  route 2.014ns (33.211%))
  Logic Levels:           2  (FDRE=1 OBUF=1)

    Location             Delay type                Incr(ns)  Path(ns)    Netlist Resource(s)
  -------------------------------------------------------------------    -------------------
    SLICE_X43Y33         FDRE                         0.000     0.000 r  design_1_i/led_blinker_0/inst/r_leds_reg[1]/C
    SLICE_X43Y33         FDRE (Prop_fdre_C_Q)         0.456     0.456 r  design_1_i/led_blinker_0/inst/r_leds_reg[1]/Q
                         net (fo=2, routed)           2.014     2.470    led_1_OBUF
    W13                  OBUF (Prop_obuf_I_O)         3.594     6.064 r  led_1_OBUF_inst/O
                         net (fo=0)                   0.000     6.064    led_1
    W13                                                               r  led_1 (OUT)
  -------------------------------------------------------------------    -------------------

Slack:                    inf
  Source:                 design_1_i/led_blinker_0/inst/r_leds_reg[0]/C
                            (rising edge-triggered cell FDRE)
  Destination:            led_0
                            (output port)
  Path Group:             (none)
  Path Type:              Max at Slow Process Corner
  Data Path Delay:        5.772ns  (logic 4.094ns (70.916%)  route 1.679ns (29.084%))
  Logic Levels:           2  (FDRE=1 OBUF=1)

    Location             Delay type                Incr(ns)  Path(ns)    Netlist Resource(s)
  -------------------------------------------------------------------    -------------------
    SLICE_X43Y33         FDRE                         0.000     0.000 r  design_1_i/led_blinker_0/inst/r_leds_reg[0]/C
    SLICE_X43Y33         FDRE (Prop_fdre_C_Q)         0.456     0.456 r  design_1_i/led_blinker_0/inst/r_leds_reg[0]/Q
                         net (fo=2, routed)           1.679     2.135    led_0_OBUF
    W14                  OBUF (Prop_obuf_I_O)         3.638     5.772 r  led_0_OBUF_inst/O
                         net (fo=0)                   0.000     5.772    led_0
    W14                                                               r  led_0 (OUT)
  -------------------------------------------------------------------    -------------------

Slack:                    inf
  Source:                 design_1_i/led_blinker_0/inst/counter_reg[15]/C
                            (rising edge-triggered cell FDRE)
  Destination:            design_1_i/led_blinker_0/inst/r_leds_reg[0]/D
  Path Group:             (none)
  Path Type:              Max at Slow Process Corner
  Data Path Delay:        2.911ns  (logic 0.766ns (26.317%)  route 2.145ns (73.683%))
  Logic Levels:           3  (FDRE=1 LUT6=2)

    Location             Delay type                Incr(ns)  Path(ns)    Netlist Resource(s)
  -------------------------------------------------------------------    -------------------
    SLICE_X42Y34         FDRE                         0.000     0.000 r  design_1_i/led_blinker_0/inst/counter_reg[15]/C
    SLICE_X42Y34         FDRE (Prop_fdre_C_Q)         0.518     0.518 f  design_1_i/led_blinker_0/inst/counter_reg[15]/Q
                         net (fo=2, routed)           1.138     1.656    design_1_i/led_blinker_0/inst/counter_reg[15]
    SLICE_X43Y34         LUT6 (Prop_lut6_I0_O)        0.124     1.780 r  design_1_i/led_blinker_0/inst/r_leds[0]_i_3/O
                         net (fo=2, routed)           1.007     2.787    design_1_i/led_blinker_0/inst/r_leds[0]_i_3_n_0
    SLICE_X43Y33         LUT6 (Prop_lut6_I2_O)        0.124     2.911 r  design_1_i/led_blinker_0/inst/r_leds[0]_i_1/O
                         net (fo=1, routed)           0.000     2.911    design_1_i/led_blinker_0/inst/r_leds[0]_i_1_n_0
    SLICE_X43Y33         FDRE                                         r  design_1_i/led_blinker_0/inst/r_leds_reg[0]/D
  -------------------------------------------------------------------    -------------------

Slack:                    inf
  Source:                 design_1_i/led_blinker_0/inst/counter_reg[15]/C
                            (rising edge-triggered cell FDRE)
  Destination:            design_1_i/led_blinker_0/inst/r_leds_reg[1]/D
  Path Group:             (none)
  Path Type:              Max at Slow Process Corner
  Data Path Delay:        2.710ns  (logic 0.766ns (28.263%)  route 1.944ns (71.737%))
  Logic Levels:           3  (FDRE=1 LUT6=2)

    Location             Delay type                Incr(ns)  Path(ns)    Netlist Resource(s)
  -------------------------------------------------------------------    -------------------
    SLICE_X42Y34         FDRE                         0.000     0.000 r  design_1_i/led_blinker_0/inst/counter_reg[15]/C
    SLICE_X42Y34         FDRE (Prop_fdre_C_Q)         0.518     0.518 f  design_1_i/led_blinker_0/inst/counter_reg[15]/Q
                         net (fo=2, routed)           1.138     1.656    design_1_i/led_blinker_0/inst/counter_reg[15]
    SLICE_X43Y34         LUT6 (Prop_lut6_I0_O)        0.124     1.780 r  design_1_i/led_blinker_0/inst/r_leds[0]_i_3/O
                         net (fo=2, routed)           0.806     2.586    design_1_i/led_blinker_0/inst/r_leds[0]_i_3_n_0
    SLICE_X43Y33         LUT6 (Prop_lut6_I2_O)        0.124     2.710 r  design_1_i/led_blinker_0/inst/r_leds[1]_i_1/O
                         net (fo=1, routed)           0.000     2.710    design_1_i/led_blinker_0/inst/r_leds[1]_i_1_n_0
    SLICE_X43Y33         FDRE                                         r  design_1_i/led_blinker_0/inst/r_leds_reg[1]/D
  -------------------------------------------------------------------    -------------------

Slack:                    inf
  Source:                 design_1_i/led_blinker_0/inst/counter_reg[1]/C
                            (rising edge-triggered cell FDRE)
  Destination:            design_1_i/led_blinker_0/inst/counter_reg[24]/D
  Path Group:             (none)
  Path Type:              Max at Slow Process Corner
  Data Path Delay:        2.620ns  (logic 1.979ns (75.524%)  route 0.641ns (24.476%))
  Logic Levels:           8  (CARRY4=7 FDRE=1)

    Location             Delay type                Incr(ns)  Path(ns)    Netlist Resource(s)
  -------------------------------------------------------------------    -------------------
    SLICE_X42Y31         FDRE                         0.000     0.000 r  design_1_i/led_blinker_0/inst/counter_reg[1]/C
    SLICE_X42Y31         FDRE (Prop_fdre_C_Q)         0.518     0.518 r  design_1_i/led_blinker_0/inst/counter_reg[1]/Q
                         net (fo=2, routed)           0.641     1.159    design_1_i/led_blinker_0/inst/counter_reg[1]
    SLICE_X42Y31         CARRY4 (Prop_carry4_S[1]_CO[3])
                                                      0.657     1.816 r  design_1_i/led_blinker_0/inst/counter_reg[0]_i_1/CO[3]
                         net (fo=1, routed)           0.000     1.816    design_1_i/led_blinker_0/inst/counter_reg[0]_i_1_n_0
    SLICE_X42Y32         CARRY4 (Prop_carry4_CI_CO[3])
                                                      0.117     1.933 r  design_1_i/led_blinker_0/inst/counter_reg[4]_i_1/CO[3]
                         net (fo=1, routed)           0.000     1.933    design_1_i/led_blinker_0/inst/counter_reg[4]_i_1_n_0
    SLICE_X42Y33         CARRY4 (Prop_carry4_CI_CO[3])
                                                      0.117     2.050 r  design_1_i/led_blinker_0/inst/counter_reg[8]_i_1/CO[3]
                         net (fo=1, routed)           0.000     2.050    design_1_i/led_blinker_0/inst/counter_reg[8]_i_1_n_0
    SLICE_X42Y34         CARRY4 (Prop_carry4_CI_CO[3])
                                                      0.117     2.167 r  design_1_i/led_blinker_0/inst/counter_reg[12]_i_1/CO[3]
                         net (fo=1, routed)           0.000     2.167    design_1_i/led_blinker_0/inst/counter_reg[12]_i_1_n_0
    SLICE_X42Y35         CARRY4 (Prop_carry4_CI_CO[3])
                                                      0.117     2.284 r  design_1_i/led_blinker_0/inst/counter_reg[16]_i_1/CO[3]
                         net (fo=1, routed)           0.000     2.284    design_1_i/led_blinker_0/inst/counter_reg[16]_i_1_n_0
    SLICE_X42Y36         CARRY4 (Prop_carry4_CI_CO[3])
                                                      0.117     2.401 r  design_1_i/led_blinker_0/inst/counter_reg[20]_i_1/CO[3]
                         net (fo=1, routed)           0.000     2.401    design_1_i/led_blinker_0/inst/counter_reg[20]_i_1_n_0
    SLICE_X42Y37         CARRY4 (Prop_carry4_CI_O[0])
                                                      0.219     2.620 r  design_1_i/led_blinker_0/inst/counter_reg[24]_i_1/O[0]
                         net (fo=1, routed)           0.000     2.620    design_1_i/led_blinker_0/inst/counter_reg[24]_i_1_n_7
    SLICE_X42Y37         FDRE                                         r  design_1_i/led_blinker_0/inst/counter_reg[24]/D
  -------------------------------------------------------------------    -------------------

Slack:                    inf
  Source:                 design_1_i/led_blinker_0/inst/counter_reg[1]/C
                            (rising edge-triggered cell FDRE)
  Destination:            design_1_i/led_blinker_0/inst/counter_reg[21]/D
  Path Group:             (none)
  Path Type:              Max at Slow Process Corner
  Data Path Delay:        2.607ns  (logic 1.966ns (75.402%)  route 0.641ns (24.598%))
  Logic Levels:           7  (CARRY4=6 FDRE=1)

    Location             Delay type                Incr(ns)  Path(ns)    Netlist Resource(s)
  -------------------------------------------------------------------    -------------------
    SLICE_X42Y31         FDRE                         0.000     0.000 r  design_1_i/led_blinker_0/inst/counter_reg[1]/C
    SLICE_X42Y31         FDRE (Prop_fdre_C_Q)         0.518     0.518 r  design_1_i/led_blinker_0/inst/counter_reg[1]/Q
                         net (fo=2, routed)           0.641     1.159    design_1_i/led_blinker_0/inst/counter_reg[1]
    SLICE_X42Y31         CARRY4 (Prop_carry4_S[1]_CO[3])
                                                      0.657     1.816 r  design_1_i/led_blinker_0/inst/counter_reg[0]_i_1/CO[3]
                         net (fo=1, routed)           0.000     1.816    design_1_i/led_blinker_0/inst/counter_reg[0]_i_1_n_0
    SLICE_X42Y32         CARRY4 (Prop_carry4_CI_CO[3])
                                                      0.117     1.933 r  design_1_i/led_blinker_0/inst/counter_reg[4]_i_1/CO[3]
                         net (fo=1, routed)           0.000     1.933    design_1_i/led_blinker_0/inst/counter_reg[4]_i_1_n_0
    SLICE_X42Y33         CARRY4 (Prop_carry4_CI_CO[3])
                                                      0.117     2.050 r  design_1_i/led_blinker_0/inst/counter_reg[8]_i_1/CO[3]
                         net (fo=1, routed)           0.000     2.050    design_1_i/led_blinker_0/inst/counter_reg[8]_i_1_n_0
    SLICE_X42Y34         CARRY4 (Prop_carry4_CI_CO[3])
                                                      0.117     2.167 r  design_1_i/led_blinker_0/inst/counter_reg[12]_i_1/CO[3]
                         net (fo=1, routed)           0.000     2.167    design_1_i/led_blinker_0/inst/counter_reg[12]_i_1_n_0
    SLICE_X42Y35         CARRY4 (Prop_carry4_CI_CO[3])
                                                      0.117     2.284 r  design_1_i/led_blinker_0/inst/counter_reg[16]_i_1/CO[3]
                         net (fo=1, routed)           0.000     2.284    design_1_i/led_blinker_0/inst/counter_reg[16]_i_1_n_0
    SLICE_X42Y36         CARRY4 (Prop_carry4_CI_O[1])
                                                      0.323     2.607 r  design_1_i/led_blinker_0/inst/counter_reg[20]_i_1/O[1]
                         net (fo=1, routed)           0.000     2.607    design_1_i/led_blinker_0/inst/counter_reg[20]_i_1_n_6
    SLICE_X42Y36         FDRE                                         r  design_1_i/led_blinker_0/inst/counter_reg[21]/D
  -------------------------------------------------------------------    -------------------

Slack:                    inf
  Source:                 design_1_i/led_blinker_0/inst/counter_reg[1]/C
                            (rising edge-triggered cell FDRE)
  Destination:            design_1_i/led_blinker_0/inst/counter_reg[23]/D
  Path Group:             (none)
  Path Type:              Max at Slow Process Corner
  Data Path Delay:        2.599ns  (logic 1.958ns (75.326%)  route 0.641ns (24.674%))
  Logic Levels:           7  (CARRY4=6 FDRE=1)

    Location             Delay type                Incr(ns)  Path(ns)    Netlist Resource(s)
  -------------------------------------------------------------------    -------------------
    SLICE_X42Y31         FDRE                         0.000     0.000 r  design_1_i/led_blinker_0/inst/counter_reg[1]/C
    SLICE_X42Y31         FDRE (Prop_fdre_C_Q)         0.518     0.518 r  design_1_i/led_blinker_0/inst/counter_reg[1]/Q
                         net (fo=2, routed)           0.641     1.159    design_1_i/led_blinker_0/inst/counter_reg[1]
    SLICE_X42Y31         CARRY4 (Prop_carry4_S[1]_CO[3])
                                                      0.657     1.816 r  design_1_i/led_blinker_0/inst/counter_reg[0]_i_1/CO[3]
                         net (fo=1, routed)           0.000     1.816    design_1_i/led_blinker_0/inst/counter_reg[0]_i_1_n_0
    SLICE_X42Y32         CARRY4 (Prop_carry4_CI_CO[3])
                                                      0.117     1.933 r  design_1_i/led_blinker_0/inst/counter_reg[4]_i_1/CO[3]
                         net (fo=1, routed)           0.000     1.933    design_1_i/led_blinker_0/inst/counter_reg[4]_i_1_n_0
    SLICE_X42Y33         CARRY4 (Prop_carry4_CI_CO[3])
                                                      0.117     2.050 r  design_1_i/led_blinker_0/inst/counter_reg[8]_i_1/CO[3]
                         net (fo=1, routed)           0.000     2.050    design_1_i/led_blinker_0/inst/counter_reg[8]_i_1_n_0
    SLICE_X42Y34         CARRY4 (Prop_carry4_CI_CO[3])
                                                      0.117     2.167 r  design_1_i/led_blinker_0/inst/counter_reg[12]_i_1/CO[3]
                         net (fo=1, routed)           0.000     2.167    design_1_i/led_blinker_0/inst/counter_reg[12]_i_1_n_0
    SLICE_X42Y35         CARRY4 (Prop_carry4_CI_CO[3])
                                                      0.117     2.284 r  design_1_i/led_blinker_0/inst/counter_reg[16]_i_1/CO[3]
                         net (fo=1, routed)           0.000     2.284    design_1_i/led_blinker_0/inst/counter_reg[16]_i_1_n_0
    SLICE_X42Y36         CARRY4 (Prop_carry4_CI_O[3])
                                                      0.315     2.599 r  design_1_i/led_blinker_0/inst/counter_reg[20]_i_1/O[3]
                         net (fo=1, routed)           0.000     2.599    design_1_i/led_blinker_0/inst/counter_reg[20]_i_1_n_4
    SLICE_X42Y36         FDRE                                         r  design_1_i/led_blinker_0/inst/counter_reg[23]/D
  -------------------------------------------------------------------    -------------------

Slack:                    inf
  Source:                 design_1_i/led_blinker_0/inst/counter_reg[1]/C
                            (rising edge-triggered cell FDRE)
  Destination:            design_1_i/led_blinker_0/inst/counter_reg[22]/D
  Path Group:             (none)
  Path Type:              Max at Slow Process Corner
  Data Path Delay:        2.523ns  (logic 1.882ns (74.583%)  route 0.641ns (25.417%))
  Logic Levels:           7  (CARRY4=6 FDRE=1)

    Location             Delay type                Incr(ns)  Path(ns)    Netlist Resource(s)
  -------------------------------------------------------------------    -------------------
    SLICE_X42Y31         FDRE                         0.000     0.000 r  design_1_i/led_blinker_0/inst/counter_reg[1]/C
    SLICE_X42Y31         FDRE (Prop_fdre_C_Q)         0.518     0.518 r  design_1_i/led_blinker_0/inst/counter_reg[1]/Q
                         net (fo=2, routed)           0.641     1.159    design_1_i/led_blinker_0/inst/counter_reg[1]
    SLICE_X42Y31         CARRY4 (Prop_carry4_S[1]_CO[3])
                                                      0.657     1.816 r  design_1_i/led_blinker_0/inst/counter_reg[0]_i_1/CO[3]
                         net (fo=1, routed)           0.000     1.816    design_1_i/led_blinker_0/inst/counter_reg[0]_i_1_n_0
    SLICE_X42Y32         CARRY4 (Prop_carry4_CI_CO[3])
                                                      0.117     1.933 r  design_1_i/led_blinker_0/inst/counter_reg[4]_i_1/CO[3]
                         net (fo=1, routed)           0.000     1.933    design_1_i/led_blinker_0/inst/counter_reg[4]_i_1_n_0
    SLICE_X42Y33         CARRY4 (Prop_carry4_CI_CO[3])
                                                      0.117     2.050 r  design_1_i/led_blinker_0/inst/counter_reg[8]_i_1/CO[3]
                         net (fo=1, routed)           0.000     2.050    design_1_i/led_blinker_0/inst/counter_reg[8]_i_1_n_0
    SLICE_X42Y34         CARRY4 (Prop_carry4_CI_CO[3])
                                                      0.117     2.167 r  design_1_i/led_blinker_0/inst/counter_reg[12]_i_1/CO[3]
                         net (fo=1, routed)           0.000     2.167    design_1_i/led_blinker_0/inst/counter_reg[12]_i_1_n_0
    SLICE_X42Y35         CARRY4 (Prop_carry4_CI_CO[3])
                                                      0.117     2.284 r  design_1_i/led_blinker_0/inst/counter_reg[16]_i_1/CO[3]
                         net (fo=1, routed)           0.000     2.284    design_1_i/led_blinker_0/inst/counter_reg[16]_i_1_n_0
    SLICE_X42Y36         CARRY4 (Prop_carry4_CI_O[2])
                                                      0.239     2.523 r  design_1_i/led_blinker_0/inst/counter_reg[20]_i_1/O[2]
                         net (fo=1, routed)           0.000     2.523    design_1_i/led_blinker_0/inst/counter_reg[20]_i_1_n_5
    SLICE_X42Y36         FDRE                                         r  design_1_i/led_blinker_0/inst/counter_reg[22]/D
  -------------------------------------------------------------------    -------------------

Slack:                    inf
  Source:                 design_1_i/led_blinker_0/inst/counter_reg[1]/C
                            (rising edge-triggered cell FDRE)
  Destination:            design_1_i/led_blinker_0/inst/counter_reg[20]/D
  Path Group:             (none)
  Path Type:              Max at Slow Process Corner
  Data Path Delay:        2.503ns  (logic 1.862ns (74.380%)  route 0.641ns (25.620%))
  Logic Levels:           7  (CARRY4=6 FDRE=1)

    Location             Delay type                Incr(ns)  Path(ns)    Netlist Resource(s)
  -------------------------------------------------------------------    -------------------
    SLICE_X42Y31         FDRE                         0.000     0.000 r  design_1_i/led_blinker_0/inst/counter_reg[1]/C
    SLICE_X42Y31         FDRE (Prop_fdre_C_Q)         0.518     0.518 r  design_1_i/led_blinker_0/inst/counter_reg[1]/Q
                         net (fo=2, routed)           0.641     1.159    design_1_i/led_blinker_0/inst/counter_reg[1]
    SLICE_X42Y31         CARRY4 (Prop_carry4_S[1]_CO[3])
                                                      0.657     1.816 r  design_1_i/led_blinker_0/inst/counter_reg[0]_i_1/CO[3]
                         net (fo=1, routed)           0.000     1.816    design_1_i/led_blinker_0/inst/counter_reg[0]_i_1_n_0
    SLICE_X42Y32         CARRY4 (Prop_carry4_CI_CO[3])
                                                      0.117     1.933 r  design_1_i/led_blinker_0/inst/counter_reg[4]_i_1/CO[3]
                         net (fo=1, routed)           0.000     1.933    design_1_i/led_blinker_0/inst/counter_reg[4]_i_1_n_0
    SLICE_X42Y33         CARRY4 (Prop_carry4_CI_CO[3])
                                                      0.117     2.050 r  design_1_i/led_blinker_0/inst/counter_reg[8]_i_1/CO[3]
                         net (fo=1, routed)           0.000     2.050    design_1_i/led_blinker_0/inst/counter_reg[8]_i_1_n_0
    SLICE_X42Y34         CARRY4 (Prop_carry4_CI_CO[3])
                                                      0.117     2.167 r  design_1_i/led_blinker_0/inst/counter_reg[12]_i_1/CO[3]
                         net (fo=1, routed)           0.000     2.167    design_1_i/led_blinker_0/inst/counter_reg[12]_i_1_n_0
    SLICE_X42Y35         CARRY4 (Prop_carry4_CI_CO[3])
                                                      0.117     2.284 r  design_1_i/led_blinker_0/inst/counter_reg[16]_i_1/CO[3]
                         net (fo=1, routed)           0.000     2.284    design_1_i/led_blinker_0/inst/counter_reg[16]_i_1_n_0
    SLICE_X42Y36         CARRY4 (Prop_carry4_CI_O[0])
                                                      0.219     2.503 r  design_1_i/led_blinker_0/inst/counter_reg[20]_i_1/O[0]
                         net (fo=1, routed)           0.000     2.503    design_1_i/led_blinker_0/inst/counter_reg[20]_i_1_n_7
    SLICE_X42Y36         FDRE                                         r  design_1_i/led_blinker_0/inst/counter_reg[20]/D
  -------------------------------------------------------------------    -------------------

Slack:                    inf
  Source:                 design_1_i/led_blinker_0/inst/counter_reg[1]/C
                            (rising edge-triggered cell FDRE)
  Destination:            design_1_i/led_blinker_0/inst/counter_reg[17]/D
  Path Group:             (none)
  Path Type:              Max at Slow Process Corner
  Data Path Delay:        2.490ns  (logic 1.849ns (74.247%)  route 0.641ns (25.753%))
  Logic Levels:           6  (CARRY4=5 FDRE=1)

    Location             Delay type                Incr(ns)  Path(ns)    Netlist Resource(s)
  -------------------------------------------------------------------    -------------------
    SLICE_X42Y31         FDRE                         0.000     0.000 r  design_1_i/led_blinker_0/inst/counter_reg[1]/C
    SLICE_X42Y31         FDRE (Prop_fdre_C_Q)         0.518     0.518 r  design_1_i/led_blinker_0/inst/counter_reg[1]/Q
                         net (fo=2, routed)           0.641     1.159    design_1_i/led_blinker_0/inst/counter_reg[1]
    SLICE_X42Y31         CARRY4 (Prop_carry4_S[1]_CO[3])
                                                      0.657     1.816 r  design_1_i/led_blinker_0/inst/counter_reg[0]_i_1/CO[3]
                         net (fo=1, routed)           0.000     1.816    design_1_i/led_blinker_0/inst/counter_reg[0]_i_1_n_0
    SLICE_X42Y32         CARRY4 (Prop_carry4_CI_CO[3])
                                                      0.117     1.933 r  design_1_i/led_blinker_0/inst/counter_reg[4]_i_1/CO[3]
                         net (fo=1, routed)           0.000     1.933    design_1_i/led_blinker_0/inst/counter_reg[4]_i_1_n_0
    SLICE_X42Y33         CARRY4 (Prop_carry4_CI_CO[3])
                                                      0.117     2.050 r  design_1_i/led_blinker_0/inst/counter_reg[8]_i_1/CO[3]
                         net (fo=1, routed)           0.000     2.050    design_1_i/led_blinker_0/inst/counter_reg[8]_i_1_n_0
    SLICE_X42Y34         CARRY4 (Prop_carry4_CI_CO[3])
                                                      0.117     2.167 r  design_1_i/led_blinker_0/inst/counter_reg[12]_i_1/CO[3]
                         net (fo=1, routed)           0.000     2.167    design_1_i/led_blinker_0/inst/counter_reg[12]_i_1_n_0
    SLICE_X42Y35         CARRY4 (Prop_carry4_CI_O[1])
                                                      0.323     2.490 r  design_1_i/led_blinker_0/inst/counter_reg[16]_i_1/O[1]
                         net (fo=1, routed)           0.000     2.490    design_1_i/led_blinker_0/inst/counter_reg[16]_i_1_n_6
    SLICE_X42Y35         FDRE                                         r  design_1_i/led_blinker_0/inst/counter_reg[17]/D
  -------------------------------------------------------------------    -------------------





Min Delay Paths
--------------------------------------------------------------------------------------
Slack:                    inf
  Source:                 design_1_i/led_blinker_0/inst/r_leds_reg[1]/C
                            (rising edge-triggered cell FDRE)
  Destination:            design_1_i/led_blinker_0/inst/r_leds_reg[1]/D
  Path Group:             (none)
  Path Type:              Min at Fast Process Corner
  Data Path Delay:        0.354ns  (logic 0.186ns (52.498%)  route 0.168ns (47.502%))
  Logic Levels:           2  (FDRE=1 LUT6=1)

    Location             Delay type                Incr(ns)  Path(ns)    Netlist Resource(s)
  -------------------------------------------------------------------    -------------------
    SLICE_X43Y33         FDRE                         0.000     0.000 r  design_1_i/led_blinker_0/inst/r_leds_reg[1]/C
    SLICE_X43Y33         FDRE (Prop_fdre_C_Q)         0.141     0.141 r  design_1_i/led_blinker_0/inst/r_leds_reg[1]/Q
                         net (fo=2, routed)           0.168     0.309    design_1_i/led_blinker_0/inst/led_1
    SLICE_X43Y33         LUT6 (Prop_lut6_I5_O)        0.045     0.354 r  design_1_i/led_blinker_0/inst/r_leds[1]_i_1/O
                         net (fo=1, routed)           0.000     0.354    design_1_i/led_blinker_0/inst/r_leds[1]_i_1_n_0
    SLICE_X43Y33         FDRE                                         r  design_1_i/led_blinker_0/inst/r_leds_reg[1]/D
  -------------------------------------------------------------------    -------------------

Slack:                    inf
  Source:                 design_1_i/led_blinker_0/inst/counter_reg[9]/C
                            (rising edge-triggered cell FDRE)
  Destination:            design_1_i/led_blinker_0/inst/r_leds_reg[0]/D
  Path Group:             (none)
  Path Type:              Min at Fast Process Corner
  Data Path Delay:        0.378ns  (logic 0.254ns (67.152%)  route 0.124ns (32.848%))
  Logic Levels:           3  (FDRE=1 LUT6=2)

    Location             Delay type                Incr(ns)  Path(ns)    Netlist Resource(s)
  -------------------------------------------------------------------    -------------------
    SLICE_X42Y33         FDRE                         0.000     0.000 r  design_1_i/led_blinker_0/inst/counter_reg[9]/C
    SLICE_X42Y33         FDRE (Prop_fdre_C_Q)         0.164     0.164 f  design_1_i/led_blinker_0/inst/counter_reg[9]/Q
                         net (fo=2, routed)           0.063     0.227    design_1_i/led_blinker_0/inst/counter_reg[9]
    SLICE_X43Y33         LUT6 (Prop_lut6_I0_O)        0.045     0.272 r  design_1_i/led_blinker_0/inst/r_leds[0]_i_2/O
                         net (fo=2, routed)           0.062     0.333    design_1_i/led_blinker_0/inst/r_leds[0]_i_2_n_0
    SLICE_X43Y33         LUT6 (Prop_lut6_I0_O)        0.045     0.378 r  design_1_i/led_blinker_0/inst/r_leds[0]_i_1/O
                         net (fo=1, routed)           0.000     0.378    design_1_i/led_blinker_0/inst/r_leds[0]_i_1_n_0
    SLICE_X43Y33         FDRE                                         r  design_1_i/led_blinker_0/inst/r_leds_reg[0]/D
  -------------------------------------------------------------------    -------------------

Slack:                    inf
  Source:                 design_1_i/led_blinker_0/inst/counter_reg[10]/C
                            (rising edge-triggered cell FDRE)
  Destination:            design_1_i/led_blinker_0/inst/counter_reg[10]/D
  Path Group:             (none)
  Path Type:              Min at Fast Process Corner
  Data Path Delay:        0.399ns  (logic 0.274ns (68.589%)  route 0.125ns (31.411%))
  Logic Levels:           2  (CARRY4=1 FDRE=1)

    Location             Delay type                Incr(ns)  Path(ns)    Netlist Resource(s)
  -------------------------------------------------------------------    -------------------
    SLICE_X42Y33         FDRE                         0.000     0.000 r  design_1_i/led_blinker_0/inst/counter_reg[10]/C
    SLICE_X42Y33         FDRE (Prop_fdre_C_Q)         0.164     0.164 r  design_1_i/led_blinker_0/inst/counter_reg[10]/Q
                         net (fo=2, routed)           0.125     0.289    design_1_i/led_blinker_0/inst/counter_reg[10]
    SLICE_X42Y33         CARRY4 (Prop_carry4_S[2]_O[2])
                                                      0.110     0.399 r  design_1_i/led_blinker_0/inst/counter_reg[8]_i_1/O[2]
                         net (fo=1, routed)           0.000     0.399    design_1_i/led_blinker_0/inst/counter_reg[8]_i_1_n_5
    SLICE_X42Y33         FDRE                                         r  design_1_i/led_blinker_0/inst/counter_reg[10]/D
  -------------------------------------------------------------------    -------------------

Slack:                    inf
  Source:                 design_1_i/led_blinker_0/inst/counter_reg[22]/C
                            (rising edge-triggered cell FDRE)
  Destination:            design_1_i/led_blinker_0/inst/counter_reg[22]/D
  Path Group:             (none)
  Path Type:              Min at Fast Process Corner
  Data Path Delay:        0.399ns  (logic 0.274ns (68.589%)  route 0.125ns (31.411%))
  Logic Levels:           2  (CARRY4=1 FDRE=1)

    Location             Delay type                Incr(ns)  Path(ns)    Netlist Resource(s)
  -------------------------------------------------------------------    -------------------
    SLICE_X42Y36         FDRE                         0.000     0.000 r  design_1_i/led_blinker_0/inst/counter_reg[22]/C
    SLICE_X42Y36         FDRE (Prop_fdre_C_Q)         0.164     0.164 r  design_1_i/led_blinker_0/inst/counter_reg[22]/Q
                         net (fo=2, routed)           0.125     0.289    design_1_i/led_blinker_0/inst/counter_reg[22]
    SLICE_X42Y36         CARRY4 (Prop_carry4_S[2]_O[2])
                                                      0.110     0.399 r  design_1_i/led_blinker_0/inst/counter_reg[20]_i_1/O[2]
                         net (fo=1, routed)           0.000     0.399    design_1_i/led_blinker_0/inst/counter_reg[20]_i_1_n_5
    SLICE_X42Y36         FDRE                                         r  design_1_i/led_blinker_0/inst/counter_reg[22]/D
  -------------------------------------------------------------------    -------------------

Slack:                    inf
  Source:                 design_1_i/led_blinker_0/inst/counter_reg[14]/C
                            (rising edge-triggered cell FDRE)
  Destination:            design_1_i/led_blinker_0/inst/counter_reg[14]/D
  Path Group:             (none)
  Path Type:              Min at Fast Process Corner
  Data Path Delay:        0.400ns  (logic 0.274ns (68.524%)  route 0.126ns (31.476%))
  Logic Levels:           2  (CARRY4=1 FDRE=1)

    Location             Delay type                Incr(ns)  Path(ns)    Netlist Resource(s)
  -------------------------------------------------------------------    -------------------
    SLICE_X42Y34         FDRE                         0.000     0.000 r  design_1_i/led_blinker_0/inst/counter_reg[14]/C
    SLICE_X42Y34         FDRE (Prop_fdre_C_Q)         0.164     0.164 r  design_1_i/led_blinker_0/inst/counter_reg[14]/Q
                         net (fo=2, routed)           0.126     0.290    design_1_i/led_blinker_0/inst/counter_reg[14]
    SLICE_X42Y34         CARRY4 (Prop_carry4_S[2]_O[2])
                                                      0.110     0.400 r  design_1_i/led_blinker_0/inst/counter_reg[12]_i_1/O[2]
                         net (fo=1, routed)           0.000     0.400    design_1_i/led_blinker_0/inst/counter_reg[12]_i_1_n_5
    SLICE_X42Y34         FDRE                                         r  design_1_i/led_blinker_0/inst/counter_reg[14]/D
  -------------------------------------------------------------------    -------------------

Slack:                    inf
  Source:                 design_1_i/led_blinker_0/inst/counter_reg[6]/C
                            (rising edge-triggered cell FDRE)
  Destination:            design_1_i/led_blinker_0/inst/counter_reg[6]/D
  Path Group:             (none)
  Path Type:              Min at Fast Process Corner
  Data Path Delay:        0.400ns  (logic 0.274ns (68.524%)  route 0.126ns (31.476%))
  Logic Levels:           2  (CARRY4=1 FDRE=1)

    Location             Delay type                Incr(ns)  Path(ns)    Netlist Resource(s)
  -------------------------------------------------------------------    -------------------
    SLICE_X42Y32         FDRE                         0.000     0.000 r  design_1_i/led_blinker_0/inst/counter_reg[6]/C
    SLICE_X42Y32         FDRE (Prop_fdre_C_Q)         0.164     0.164 r  design_1_i/led_blinker_0/inst/counter_reg[6]/Q
                         net (fo=2, routed)           0.126     0.290    design_1_i/led_blinker_0/inst/counter_reg[6]
    SLICE_X42Y32         CARRY4 (Prop_carry4_S[2]_O[2])
                                                      0.110     0.400 r  design_1_i/led_blinker_0/inst/counter_reg[4]_i_1/O[2]
                         net (fo=1, routed)           0.000     0.400    design_1_i/led_blinker_0/inst/counter_reg[4]_i_1_n_5
    SLICE_X42Y32         FDRE                                         r  design_1_i/led_blinker_0/inst/counter_reg[6]/D
  -------------------------------------------------------------------    -------------------

Slack:                    inf
  Source:                 design_1_i/led_blinker_0/inst/counter_reg[18]/C
                            (rising edge-triggered cell FDRE)
  Destination:            design_1_i/led_blinker_0/inst/counter_reg[18]/D
  Path Group:             (none)
  Path Type:              Min at Fast Process Corner
  Data Path Delay:        0.401ns  (logic 0.274ns (68.412%)  route 0.127ns (31.588%))
  Logic Levels:           2  (CARRY4=1 FDRE=1)

    Location             Delay type                Incr(ns)  Path(ns)    Netlist Resource(s)
  -------------------------------------------------------------------    -------------------
    SLICE_X42Y35         FDRE                         0.000     0.000 r  design_1_i/led_blinker_0/inst/counter_reg[18]/C
    SLICE_X42Y35         FDRE (Prop_fdre_C_Q)         0.164     0.164 r  design_1_i/led_blinker_0/inst/counter_reg[18]/Q
                         net (fo=2, routed)           0.127     0.291    design_1_i/led_blinker_0/inst/counter_reg[18]
    SLICE_X42Y35         CARRY4 (Prop_carry4_S[2]_O[2])
                                                      0.110     0.401 r  design_1_i/led_blinker_0/inst/counter_reg[16]_i_1/O[2]
                         net (fo=1, routed)           0.000     0.401    design_1_i/led_blinker_0/inst/counter_reg[16]_i_1_n_5
    SLICE_X42Y35         FDRE                                         r  design_1_i/led_blinker_0/inst/counter_reg[18]/D
  -------------------------------------------------------------------    -------------------

Slack:                    inf
  Source:                 design_1_i/led_blinker_0/inst/counter_reg[2]/C
                            (rising edge-triggered cell FDRE)
  Destination:            design_1_i/led_blinker_0/inst/counter_reg[2]/D
  Path Group:             (none)
  Path Type:              Min at Fast Process Corner
  Data Path Delay:        0.401ns  (logic 0.274ns (68.412%)  route 0.127ns (31.588%))
  Logic Levels:           2  (CARRY4=1 FDRE=1)

    Location             Delay type                Incr(ns)  Path(ns)    Netlist Resource(s)
  -------------------------------------------------------------------    -------------------
    SLICE_X42Y31         FDRE                         0.000     0.000 r  design_1_i/led_blinker_0/inst/counter_reg[2]/C
    SLICE_X42Y31         FDRE (Prop_fdre_C_Q)         0.164     0.164 r  design_1_i/led_blinker_0/inst/counter_reg[2]/Q
                         net (fo=2, routed)           0.127     0.291    design_1_i/led_blinker_0/inst/counter_reg[2]
    SLICE_X42Y31         CARRY4 (Prop_carry4_S[2]_O[2])
                                                      0.110     0.401 r  design_1_i/led_blinker_0/inst/counter_reg[0]_i_1/O[2]
                         net (fo=1, routed)           0.000     0.401    design_1_i/led_blinker_0/inst/counter_reg[0]_i_1_n_5
    SLICE_X42Y31         FDRE                                         r  design_1_i/led_blinker_0/inst/counter_reg[2]/D
  -------------------------------------------------------------------    -------------------

Slack:                    inf
  Source:                 design_1_i/led_blinker_0/inst/counter_reg[10]/C
                            (rising edge-triggered cell FDRE)
  Destination:            design_1_i/led_blinker_0/inst/counter_reg[11]/D
  Path Group:             (none)
  Path Type:              Min at Fast Process Corner
  Data Path Delay:        0.435ns  (logic 0.310ns (71.185%)  route 0.125ns (28.815%))
  Logic Levels:           2  (CARRY4=1 FDRE=1)

    Location             Delay type                Incr(ns)  Path(ns)    Netlist Resource(s)
  -------------------------------------------------------------------    -------------------
    SLICE_X42Y33         FDRE                         0.000     0.000 r  design_1_i/led_blinker_0/inst/counter_reg[10]/C
    SLICE_X42Y33         FDRE (Prop_fdre_C_Q)         0.164     0.164 r  design_1_i/led_blinker_0/inst/counter_reg[10]/Q
                         net (fo=2, routed)           0.125     0.289    design_1_i/led_blinker_0/inst/counter_reg[10]
    SLICE_X42Y33         CARRY4 (Prop_carry4_S[2]_O[3])
                                                      0.146     0.435 r  design_1_i/led_blinker_0/inst/counter_reg[8]_i_1/O[3]
                         net (fo=1, routed)           0.000     0.435    design_1_i/led_blinker_0/inst/counter_reg[8]_i_1_n_4
    SLICE_X42Y33         FDRE                                         r  design_1_i/led_blinker_0/inst/counter_reg[11]/D
  -------------------------------------------------------------------    -------------------

Slack:                    inf
  Source:                 design_1_i/led_blinker_0/inst/counter_reg[22]/C
                            (rising edge-triggered cell FDRE)
  Destination:            design_1_i/led_blinker_0/inst/counter_reg[23]/D
  Path Group:             (none)
  Path Type:              Min at Fast Process Corner
  Data Path Delay:        0.435ns  (logic 0.310ns (71.185%)  route 0.125ns (28.815%))
  Logic Levels:           2  (CARRY4=1 FDRE=1)

    Location             Delay type                Incr(ns)  Path(ns)    Netlist Resource(s)
  -------------------------------------------------------------------    -------------------
    SLICE_X42Y36         FDRE                         0.000     0.000 r  design_1_i/led_blinker_0/inst/counter_reg[22]/C
    SLICE_X42Y36         FDRE (Prop_fdre_C_Q)         0.164     0.164 r  design_1_i/led_blinker_0/inst/counter_reg[22]/Q
                         net (fo=2, routed)           0.125     0.289    design_1_i/led_blinker_0/inst/counter_reg[22]
    SLICE_X42Y36         CARRY4 (Prop_carry4_S[2]_O[3])
                                                      0.146     0.435 r  design_1_i/led_blinker_0/inst/counter_reg[20]_i_1/O[3]
                         net (fo=1, routed)           0.000     0.435    design_1_i/led_blinker_0/inst/counter_reg[20]_i_1_n_4
    SLICE_X42Y36         FDRE                                         r  design_1_i/led_blinker_0/inst/counter_reg[23]/D
  -------------------------------------------------------------------    -------------------





--------------------------------------------------------------------------------------
Path Group:  (none)
From Clock:  clk_out1_design_1_clk_wiz_0_0
  To Clock:  

Max Delay             1 Endpoint
Min Delay             1 Endpoint
--------------------------------------------------------------------------------------


Max Delay Paths
--------------------------------------------------------------------------------------
Slack:                    inf
  Source:                 design_1_i/clk_wiz_0/inst/plle2_adv_inst/CLKOUT0
                            (clock source 'clk_out1_design_1_clk_wiz_0_0'  {rise@0.000ns fall@20.345ns period=40.690ns})
  Destination:            bit_clk_out
                            (output port)
  Path Group:             (none)
  Path Type:              Max at Slow Process Corner
  Data Path Delay:        8.490ns  (logic 3.697ns (43.545%)  route 4.793ns (56.455%))
  Logic Levels:           2  (BUFG=1 OBUF=1)
  Clock Uncertainty:      0.212ns  ((TSJ^2 + DJ^2)^1/2) / 2 + PE
    Total System Jitter     (TSJ):    0.050ns
    Discrete Jitter          (DJ):    0.148ns
    Phase Error              (PE):    0.134ns

    Location             Delay type                Incr(ns)  Path(ns)    Netlist Resource(s)
  -------------------------------------------------------------------    -------------------
                         (clock clk_out1_design_1_clk_wiz_0_0 fall edge)
                                                     20.345    20.345 f  
    N18                  IBUF                         0.000    20.345 f  sys_clk_in_IBUF_inst/O
                         net (fo=28, routed)          1.306    21.651    design_1_i/clk_wiz_0/inst/clk_in1
  -------------------------------------------------------------------    -------------------
    PLLE2_ADV_X0Y0       PLLE2_ADV (Prop_plle2_adv_CLKIN1_CLKOUT0)
                                                     -8.533    13.118 f  design_1_i/clk_wiz_0/inst/plle2_adv_inst/CLKOUT0
                         net (fo=1, routed)           1.754    14.872    design_1_i/clk_wiz_0/inst/clk_out1_design_1_clk_wiz_0_0
    BUFGCTRL_X0Y0        BUFG (Prop_bufg_I_O)         0.101    14.973 f  design_1_i/clk_wiz_0/inst/clkout1_buf/O
                         net (fo=1, routed)           3.039    18.012    bit_clk_out_OBUF
    M17                  OBUF (Prop_obuf_I_O)         3.596    21.607 f  bit_clk_out_OBUF_inst/O
                         net (fo=0)                   0.000    21.607    bit_clk_out
    M17                                                               f  bit_clk_out (OUT)
  -------------------------------------------------------------------    -------------------





Min Delay Paths
--------------------------------------------------------------------------------------
Slack:                    inf
  Source:                 design_1_i/clk_wiz_0/inst/plle2_adv_inst/CLKOUT0
                            (clock source 'clk_out1_design_1_clk_wiz_0_0'  {rise@0.000ns fall@20.345ns period=40.690ns})
  Destination:            bit_clk_out
                            (output port)
  Path Group:             (none)
  Path Type:              Min at Fast Process Corner
  Data Path Delay:        2.559ns  (logic 1.322ns (51.653%)  route 1.237ns (48.347%))
  Logic Levels:           2  (BUFG=1 OBUF=1)
  Clock Uncertainty:      0.212ns  ((TSJ^2 + DJ^2)^1/2) / 2 + PE
    Total System Jitter     (TSJ):    0.050ns
    Discrete Jitter          (DJ):    0.148ns
    Phase Error              (PE):    0.134ns

    Location             Delay type                Incr(ns)  Path(ns)    Netlist Resource(s)
  -------------------------------------------------------------------    -------------------
                         (clock clk_out1_design_1_clk_wiz_0_0 rise edge)
                                                      0.000     0.000 r  
    N18                  IBUF                         0.000     0.000 r  sys_clk_in_IBUF_inst/O
                         net (fo=28, routed)          0.440     0.440    design_1_i/clk_wiz_0/inst/clk_in1
  -------------------------------------------------------------------    -------------------
    PLLE2_ADV_X0Y0       PLLE2_ADV (Prop_plle2_adv_CLKIN1_CLKOUT0)
                                                     -2.234    -1.794 r  design_1_i/clk_wiz_0/inst/plle2_adv_inst/CLKOUT0
                         net (fo=1, routed)           0.497    -1.297    design_1_i/clk_wiz_0/inst/clk_out1_design_1_clk_wiz_0_0
    BUFGCTRL_X0Y0        BUFG (Prop_bufg_I_O)         0.026    -1.271 r  design_1_i/clk_wiz_0/inst/clkout1_buf/O
                         net (fo=1, routed)           0.740    -0.531    bit_clk_out_OBUF
    M17                  OBUF (Prop_obuf_I_O)         1.296     0.765 r  bit_clk_out_OBUF_inst/O
                         net (fo=0)                   0.000     0.765    bit_clk_out
    M17                                                               r  bit_clk_out (OUT)
  -------------------------------------------------------------------    -------------------





